---
source: tests/tls_cli_integration.rs
expression: "tls_help.join(\"\\n\")"
---
      --tls-ca-file <TLS_CA_FILE>
      --insecure-skip-hostname-verify
      --allow-invalid-certificate
          Disables BOTH the certificate chain and hostname checks. Any network attacker who can intercept the TCP connection can present an attacker-controlled certificate, complete the TLS handshake, and read or modify the database protocol — including plaintext credentials. Never use against a production database. Prefer `--tls-ca-file <path>` for self-signed CAs (full validation against an explicit anchor) or `--insecure-skip-hostname-verify` for hostname-only mismatches. See SECURITY.md.
